ERROR: /Users/renhao/git/github/RenQuant/.env not found. Create it with ALPACA_API_KEY and ALPACA_SECRET_KEY.
=== daily_103 started at Sat Apr 11 01:23:27 PDT 2026 ===
--- Step 1: Running renquant_103 notebook ---
[NbConvertApp] Converting notebook Notebooks/renquant_103.ipynb to notebook
/Users/renhao/miniconda3/envs/renquant/lib/python3.10/site-packages/nbformat/__init__.py:96: MissingIDFieldWarning: Cell is missing an id field, this will become a hard error in future nbformat versions. You may want to use `normalize()` on your notebooks before validations (available since nbformat 5.1.4). Previous versions of nbformat are fixing this issue transparently, and will stop doing so in the future.
  validate(nb)
[NbConvertApp] Writing 1763542 bytes to /tmp/renquant_103_executed.ipynb
Notebook finished at Sat Apr 11 01:24:58 PDT 2026
Models exported: 24 / 24
--- Step 2: Exporting LEAN watchlist data ---
  AAPL   — already exists, skipping (use --force to re-export)
  AMD    — exported → amd.zip
  AMZN   — exported → amzn.zip
  BA     — exported → ba.zip
  CAT    — exported → cat.zip
  CRM    — exported → crm.zip
  GLD    — exported → gld.zip
  GOOG   — already exists, skipping (use --force to re-export)
  JPM    — exported → jpm.zip
  LLY    — exported → lly.zip
  META   — exported → meta.zip
  MSFT   — exported → msft.zip
  NFLX   — exported → nflx.zip
  NVDA   — exported → nvda.zip
  PLTR   — exported → pltr.zip
  SPY    — already exists, skipping (use --force to re-export)
  TLT    — exported → tlt.zip
  TSLA   — exported → tsla.zip
  UBER   — exported → uber.zip
  UNH    — exported → unh.zip
  XLE    — exported → xle.zip
  XLF    — exported → xlf.zip
  XLU    — exported → xlu.zip
  XLV    — exported → xlv.zip
  XOM    — exported → xom.zip

Done: 22 exported, 3 already existed, 0 failed
Total LEAN data files: 43
LEAN data export finished at Sat Apr 11 01:25:02 PDT 2026
--- Step 3: Running live trader (alpaca) ---
2026-04-11 01:25:07,726 [INFO] live.runner: Loaded models for 24/24 symbols: ['AAPL', 'AMD', 'AMZN', 'BA', 'CAT', 'CRM', 'GLD', 'GOOG', 'JPM', 'LLY', 'META', 'MSFT', 'NFLX', 'NVDA', 'PLTR', 'TLT', 'TSLA', 'UBER', 'UNH', 'XLE', 'XLF', 'XLU', 'XLV', 'XOM']
Traceback (most recent call last):
  File "/Users/renhao/miniconda3/envs/renquant/lib/python3.10/site-packages/alpaca/common/rest.py", line 198, in _one_request
    response.raise_for_status()
  File "/Users/renhao/miniconda3/envs/renquant/lib/python3.10/site-packages/requests/models.py", line 1026, in raise_for_status
    raise HTTPError(http_error_msg, response=self)
requests.exceptions.HTTPError: 401 Client Error: Unauthorized for url: https://api.alpaca.markets/v2/account

During handling of the above exception, another exception occurred:

Traceback (most recent call last):
  File "/Users/renhao/miniconda3/envs/renquant/lib/python3.10/runpy.py", line 196, in _run_module_as_main
    return _run_code(code, main_globals, None,
  File "/Users/renhao/miniconda3/envs/renquant/lib/python3.10/runpy.py", line 86, in _run_code
    exec(code, run_globals)
  File "/Users/renhao/git/github/RenQuant/live/runner.py", line 503, in <module>
    main()
  File "/Users/renhao/git/github/RenQuant/live/runner.py", line 476, in main
    broker.connect()
  File "/Users/renhao/git/github/RenQuant/live/alpaca_broker.py", line 60, in connect
    account = self._trading_client.get_account()
  File "/Users/renhao/miniconda3/envs/renquant/lib/python3.10/site-packages/alpaca/trading/client.py", line 474, in get_account
    response = self.get("/account")
  File "/Users/renhao/miniconda3/envs/renquant/lib/python3.10/site-packages/alpaca/common/rest.py", line 225, in get
    return self._request("GET", path, data, **kwargs)
  File "/Users/renhao/miniconda3/envs/renquant/lib/python3.10/site-packages/alpaca/common/rest.py", line 131, in _request
    return self._one_request(method, url, opts, retry)
  File "/Users/renhao/miniconda3/envs/renquant/lib/python3.10/site-packages/alpaca/common/rest.py", line 207, in _one_request
    raise APIError(error, http_error)
alpaca.common.exceptions.APIError: {"message": "unauthorized."}

=== daily_103 FAILED at Sat Apr 11 01:25:08 PDT 2026 ===
=== daily_103 started at Sat Apr 11 01:25:29 PDT 2026 ===
--- Step 1: Running renquant_103 notebook ---
[NbConvertApp] Converting notebook Notebooks/renquant_103.ipynb to notebook
/Users/renhao/miniconda3/envs/renquant/lib/python3.10/site-packages/nbformat/__init__.py:96: MissingIDFieldWarning: Cell is missing an id field, this will become a hard error in future nbformat versions. You may want to use `normalize()` on your notebooks before validations (available since nbformat 5.1.4). Previous versions of nbformat are fixing this issue transparently, and will stop doing so in the future.
  validate(nb)
[NbConvertApp] Writing 1789057 bytes to /tmp/renquant_103_executed.ipynb
Notebook finished at Sat Apr 11 01:27:01 PDT 2026
Models exported: 24 / 24
--- Step 2: Exporting LEAN watchlist data ---
  AAPL   — already exists, skipping (use --force to re-export)
  AMD    — already exists, skipping (use --force to re-export)
  AMZN   — already exists, skipping (use --force to re-export)
  BA     — already exists, skipping (use --force to re-export)
  CAT    — already exists, skipping (use --force to re-export)
  CRM    — already exists, skipping (use --force to re-export)
  GLD    — already exists, skipping (use --force to re-export)
  GOOG   — already exists, skipping (use --force to re-export)
  JPM    — already exists, skipping (use --force to re-export)
  LLY    — already exists, skipping (use --force to re-export)
  META   — already exists, skipping (use --force to re-export)
  MSFT   — already exists, skipping (use --force to re-export)
  NFLX   — already exists, skipping (use --force to re-export)
  NVDA   — already exists, skipping (use --force to re-export)
  PLTR   — already exists, skipping (use --force to re-export)
  SPY    — already exists, skipping (use --force to re-export)
  TLT    — already exists, skipping (use --force to re-export)
  TSLA   — already exists, skipping (use --force to re-export)
  UBER   — already exists, skipping (use --force to re-export)
  UNH    — already exists, skipping (use --force to re-export)
  XLE    — already exists, skipping (use --force to re-export)
  XLF    — already exists, skipping (use --force to re-export)
  XLU    — already exists, skipping (use --force to re-export)
  XLV    — already exists, skipping (use --force to re-export)
  XOM    — already exists, skipping (use --force to re-export)

Done: 0 exported, 25 already existed, 0 failed
Total LEAN data files: 43
LEAN data export finished at Sat Apr 11 01:27:02 PDT 2026
--- Step 3: Running live trader (alpaca) ---
2026-04-11 01:27:05,125 [INFO] live.runner: Loaded models for 24/24 symbols: ['AAPL', 'AMD', 'AMZN', 'BA', 'CAT', 'CRM', 'GLD', 'GOOG', 'JPM', 'LLY', 'META', 'MSFT', 'NFLX', 'NVDA', 'PLTR', 'TLT', 'TSLA', 'UBER', 'UNH', 'XLE', 'XLF', 'XLU', 'XLV', 'XOM']
2026-04-11 01:27:05,510 [INFO] live.alpaca_broker: Alpaca connected (LIVE) — equity=$5000, cash=$5000, status=AccountStatus.ACTIVE
2026-04-11 01:27:05,510 [INFO] live.runner: Running multi-stock strategy renquant-103 on ['TSLA', 'AMZN', 'GOOG', 'MSFT', 'AMD', 'NFLX', 'CRM', 'PLTR', 'UBER', 'NVDA', 'META', 'AAPL', 'JPM', 'UNH', 'XOM', 'CAT', 'BA', 'XLE', 'XLF', 'LLY', 'GLD', 'TLT', 'XLV', 'XLU']
2026-04-11 01:27:14,980 [INFO] live.runner: Current positions: none
2026-04-11 01:27:14,986 [INFO] live.runner: Volume candidates: [('AMZN', 'pct=85.0')]
2026-04-11 01:27:15,013 [INFO] live.alpaca_broker: Alpaca disconnected
Traceback (most recent call last):
  File "/Users/renhao/miniconda3/envs/renquant/lib/python3.10/site-packages/pandas/core/indexes/base.py", line 3812, in get_loc
    return self._engine.get_loc(casted_key)
  File "pandas/_libs/index.pyx", line 167, in pandas._libs.index.IndexEngine.get_loc
  File "pandas/_libs/index.pyx", line 196, in pandas._libs.index.IndexEngine.get_loc
  File "pandas/_libs/hashtable_class_helper.pxi", line 7088, in pandas._libs.hashtable.PyObjectHashTable.get_item
  File "pandas/_libs/hashtable_class_helper.pxi", line 7096, in pandas._libs.hashtable.PyObjectHashTable.get_item
KeyError: 'spy_realized_vol'

The above exception was the direct cause of the following exception:

Traceback (most recent call last):
  File "/Users/renhao/miniconda3/envs/renquant/lib/python3.10/runpy.py", line 196, in _run_module_as_main
    return _run_code(code, main_globals, None,
  File "/Users/renhao/miniconda3/envs/renquant/lib/python3.10/runpy.py", line 86, in _run_code
    exec(code, run_globals)
  File "/Users/renhao/git/github/RenQuant/live/runner.py", line 503, in <module>
    main()
  File "/Users/renhao/git/github/RenQuant/live/runner.py", line 486, in main
    run_fn()
  File "/Users/renhao/git/github/RenQuant/live/runner.py", line 477, in <lambda>
    run_fn = lambda: run_once_multi(config, models, broker, strategy_dir)
  File "/Users/renhao/git/github/RenQuant/live/runner.py", line 419, in run_once_multi
    rel = _build_relative_features(dfs[symbol], df_spy, feature_columns, indicator_spec)
  File "/Users/renhao/git/github/RenQuant/live/runner.py", line 234, in _build_relative_features
    result[col] = df_stock[col]
  File "/Users/renhao/miniconda3/envs/renquant/lib/python3.10/site-packages/pandas/core/frame.py", line 4113, in __getitem__
    indexer = self.columns.get_loc(key)
  File "/Users/renhao/miniconda3/envs/renquant/lib/python3.10/site-packages/pandas/core/indexes/base.py", line 3819, in get_loc
    raise KeyError(key) from err
KeyError: 'spy_realized_vol'
=== daily_103 FAILED at Sat Apr 11 01:27:15 PDT 2026 ===
=== daily_103 started at Sat Apr 11 01:30:44 PDT 2026 ===
--- Step 1: Running renquant_103 notebook ---
[NbConvertApp] Converting notebook Notebooks/renquant_103.ipynb to notebook
/Users/renhao/miniconda3/envs/renquant/lib/python3.10/site-packages/nbformat/__init__.py:96: MissingIDFieldWarning: Cell is missing an id field, this will become a hard error in future nbformat versions. You may want to use `normalize()` on your notebooks before validations (available since nbformat 5.1.4). Previous versions of nbformat are fixing this issue transparently, and will stop doing so in the future.
  validate(nb)
[NbConvertApp] Writing 1762587 bytes to /tmp/renquant_103_executed.ipynb
Notebook finished at Sat Apr 11 01:32:13 PDT 2026
Models exported: 24 / 24
--- Step 2: Exporting LEAN watchlist data ---
  AAPL   — already exists, skipping (use --force to re-export)
  AMD    — already exists, skipping (use --force to re-export)
  AMZN   — already exists, skipping (use --force to re-export)
  BA     — already exists, skipping (use --force to re-export)
  CAT    — already exists, skipping (use --force to re-export)
  CRM    — already exists, skipping (use --force to re-export)
  GLD    — already exists, skipping (use --force to re-export)
  GOOG   — already exists, skipping (use --force to re-export)
  JPM    — already exists, skipping (use --force to re-export)
  LLY    — already exists, skipping (use --force to re-export)
  META   — already exists, skipping (use --force to re-export)
  MSFT   — already exists, skipping (use --force to re-export)
  NFLX   — already exists, skipping (use --force to re-export)
  NVDA   — already exists, skipping (use --force to re-export)
  PLTR   — already exists, skipping (use --force to re-export)
  SPY    — already exists, skipping (use --force to re-export)
  TLT    — already exists, skipping (use --force to re-export)
  TSLA   — already exists, skipping (use --force to re-export)
  UBER   — already exists, skipping (use --force to re-export)
  UNH    — already exists, skipping (use --force to re-export)
  XLE    — already exists, skipping (use --force to re-export)
  XLF    — already exists, skipping (use --force to re-export)
  XLU    — already exists, skipping (use --force to re-export)
  XLV    — already exists, skipping (use --force to re-export)
  XOM    — already exists, skipping (use --force to re-export)

Done: 0 exported, 25 already existed, 0 failed
Total LEAN data files: 43
LEAN data export finished at Sat Apr 11 01:32:14 PDT 2026
--- Step 3: Running live trader (alpaca) ---
2026-04-11 01:32:17,298 [INFO] live.runner: Loaded models for 24/24 symbols: ['AAPL', 'AMD', 'AMZN', 'BA', 'CAT', 'CRM', 'GLD', 'GOOG', 'JPM', 'LLY', 'META', 'MSFT', 'NFLX', 'NVDA', 'PLTR', 'TLT', 'TSLA', 'UBER', 'UNH', 'XLE', 'XLF', 'XLU', 'XLV', 'XOM']
2026-04-11 01:32:17,664 [INFO] live.alpaca_broker: Alpaca connected (LIVE) — equity=$5000, cash=$5000, status=AccountStatus.ACTIVE
2026-04-11 01:32:17,664 [INFO] live.runner: Running multi-stock strategy renquant-103 on ['TSLA', 'AMZN', 'GOOG', 'MSFT', 'AMD', 'NFLX', 'CRM', 'PLTR', 'UBER', 'NVDA', 'META', 'AAPL', 'JPM', 'UNH', 'XOM', 'CAT', 'BA', 'XLE', 'XLF', 'LLY', 'GLD', 'TLT', 'XLV', 'XLU']
2026-04-11 01:32:19,660 [INFO] live.runner: Current positions: none
2026-04-11 01:32:19,667 [INFO] live.runner: Volume candidates: [('AMZN', 'pct=85.0')]
2026-04-11 01:32:19,688 [INFO] live.alpaca_broker: Alpaca disconnected
Traceback (most recent call last):
  File "/Users/renhao/miniconda3/envs/renquant/lib/python3.10/site-packages/pandas/core/indexes/base.py", line 3812, in get_loc
    return self._engine.get_loc(casted_key)
  File "pandas/_libs/index.pyx", line 167, in pandas._libs.index.IndexEngine.get_loc
  File "pandas/_libs/index.pyx", line 196, in pandas._libs.index.IndexEngine.get_loc
  File "pandas/_libs/hashtable_class_helper.pxi", line 7088, in pandas._libs.hashtable.PyObjectHashTable.get_item
  File "pandas/_libs/hashtable_class_helper.pxi", line 7096, in pandas._libs.hashtable.PyObjectHashTable.get_item
KeyError: 'spy_realized_vol'

The above exception was the direct cause of the following exception:

Traceback (most recent call last):
  File "/Users/renhao/miniconda3/envs/renquant/lib/python3.10/runpy.py", line 196, in _run_module_as_main
    return _run_code(code, main_globals, None,
  File "/Users/renhao/miniconda3/envs/renquant/lib/python3.10/runpy.py", line 86, in _run_code
    exec(code, run_globals)
  File "/Users/renhao/git/github/RenQuant/live/runner.py", line 505, in <module>
    main()
  File "/Users/renhao/git/github/RenQuant/live/runner.py", line 488, in main
    run_fn()
  File "/Users/renhao/git/github/RenQuant/live/runner.py", line 479, in <lambda>
    run_fn = lambda: run_once_multi(config, models, broker, strategy_dir)
  File "/Users/renhao/git/github/RenQuant/live/runner.py", line 421, in run_once_multi
    rel = _build_relative_features(dfs[symbol], df_spy, model_feature_cols, indicator_spec)
  File "/Users/renhao/git/github/RenQuant/live/runner.py", line 234, in _build_relative_features
    result[col] = df_stock[col]
  File "/Users/renhao/miniconda3/envs/renquant/lib/python3.10/site-packages/pandas/core/frame.py", line 4113, in __getitem__
    indexer = self.columns.get_loc(key)
  File "/Users/renhao/miniconda3/envs/renquant/lib/python3.10/site-packages/pandas/core/indexes/base.py", line 3819, in get_loc
    raise KeyError(key) from err
KeyError: 'spy_realized_vol'
=== daily_103 FAILED at Sat Apr 11 01:32:19 PDT 2026 ===
=== daily_103 started at Sat Apr 11 01:58:28 PDT 2026 ===
--- Step 1: Running renquant_103 notebook ---
[NbConvertApp] Converting notebook Notebooks/renquant_103.ipynb to notebook
/Users/renhao/miniconda3/envs/renquant/lib/python3.10/site-packages/nbformat/__init__.py:96: MissingIDFieldWarning: Cell is missing an id field, this will become a hard error in future nbformat versions. You may want to use `normalize()` on your notebooks before validations (available since nbformat 5.1.4). Previous versions of nbformat are fixing this issue transparently, and will stop doing so in the future.
  validate(nb)
[NbConvertApp] Writing 1799069 bytes to /tmp/renquant_103_executed.ipynb
Notebook finished at Sat Apr 11 02:00:01 PDT 2026
Models exported: 24 / 24
--- Step 2: Exporting LEAN watchlist data ---
  AAPL   — already exists, skipping (use --force to re-export)
  AMD    — already exists, skipping (use --force to re-export)
  AMZN   — already exists, skipping (use --force to re-export)
  BA     — already exists, skipping (use --force to re-export)
  CAT    — already exists, skipping (use --force to re-export)
  CRM    — already exists, skipping (use --force to re-export)
  GLD    — already exists, skipping (use --force to re-export)
  GOOG   — already exists, skipping (use --force to re-export)
  JPM    — already exists, skipping (use --force to re-export)
  LLY    — already exists, skipping (use --force to re-export)
  META   — already exists, skipping (use --force to re-export)
  MSFT   — already exists, skipping (use --force to re-export)
  NFLX   — already exists, skipping (use --force to re-export)
  NVDA   — already exists, skipping (use --force to re-export)
  PLTR   — already exists, skipping (use --force to re-export)
  SPY    — already exists, skipping (use --force to re-export)
  TLT    — already exists, skipping (use --force to re-export)
  TSLA   — already exists, skipping (use --force to re-export)
  UBER   — already exists, skipping (use --force to re-export)
  UNH    — already exists, skipping (use --force to re-export)
  XLE    — already exists, skipping (use --force to re-export)
  XLF    — already exists, skipping (use --force to re-export)
  XLU    — already exists, skipping (use --force to re-export)
  XLV    — already exists, skipping (use --force to re-export)
  XOM    — already exists, skipping (use --force to re-export)

Done: 0 exported, 25 already existed, 0 failed
Total LEAN data files: 43
LEAN data export finished at Sat Apr 11 02:00:03 PDT 2026
--- Step 3: Running live trader (alpaca) ---
2026-04-11 02:00:05,650 [INFO] live.runner: Loaded models for 24/24 symbols: ['AAPL', 'AMD', 'AMZN', 'BA', 'CAT', 'CRM', 'GLD', 'GOOG', 'JPM', 'LLY', 'META', 'MSFT', 'NFLX', 'NVDA', 'PLTR', 'TLT', 'TSLA', 'UBER', 'UNH', 'XLE', 'XLF', 'XLU', 'XLV', 'XOM']
2026-04-11 02:00:06,057 [INFO] live.alpaca_broker: Alpaca connected (LIVE) — equity=$5000, cash=$5000, status=AccountStatus.ACTIVE
2026-04-11 02:00:06,058 [INFO] live.runner: Running multi-stock strategy renquant-103 on ['TSLA', 'AMZN', 'GOOG', 'MSFT', 'AMD', 'NFLX', 'CRM', 'PLTR', 'UBER', 'NVDA', 'META', 'AAPL', 'JPM', 'UNH', 'XOM', 'CAT', 'BA', 'XLE', 'XLF', 'LLY', 'GLD', 'TLT', 'XLV', 'XLU']
2026-04-11 02:00:08,087 [INFO] live.runner: Current positions: none
2026-04-11 02:00:08,097 [INFO] live.runner: Volume candidates: [('AMZN', 'pct=85.0')]
2026-04-11 02:00:08,122 [INFO] live.runner: AMZN pct=85.0 signal=hold
2026-04-11 02:00:08,123 [INFO] live.alpaca_broker: Alpaca disconnected
=== daily_103 finished at Sat Apr 11 02:00:08 PDT 2026 ===
